<?xml version="1.0" encoding="ISO-8859-1" ?>
<link_info>
   <banner>TMS320C6x Linker PC v8.3.5</banner>
   <copyright>Copyright (c) 1996-2018 Texas Instruments Incorporated</copyright>
   <link_time>0x68552426</link_time>
   <link_errors>0x0</link_errors>
   <output_file>LSAM_TDD_DSP_Writter_Program_V1_00.out</output_file>
   <entry_point>
      <name>_c_int00</name>
      <address>0xc0075c0</address>
   </entry_point>
   <input_file_list>
      <input_file id="fl-2">
         <path>.\</path>
         <kind>object</kind>
         <file>main.obj</file>
         <name>main.obj</name>
      </input_file>
      <input_file id="fl-3">
         <path>.\User_Define_SourceFiles\</path>
         <kind>object</kind>
         <file>C6672_EMIF16_SourceFile.obj</file>
         <name>C6672_EMIF16_SourceFile.obj</name>
      </input_file>
      <input_file id="fl-4">
         <path>.\User_Define_SourceFiles\</path>
         <kind>object</kind>
         <file>C6672_PLL_SourceFile.obj</file>
         <name>C6672_PLL_SourceFile.obj</name>
      </input_file>
      <input_file id="fl-5">
         <path>.\User_Define_SourceFiles\</path>
         <kind>object</kind>
         <file>LSAM_TDD_DSP_Initialization_SourceFile.obj</file>
         <name>LSAM_TDD_DSP_Initialization_SourceFile.obj</name>
      </input_file>
      <input_file id="fl-6">
         <path>.\User_Define_SourceFiles\</path>
         <kind>object</kind>
         <file>LSAM_TDD_Operation_Function_SourceFile.obj</file>
         <name>LSAM_TDD_Operation_Function_SourceFile.obj</name>
      </input_file>
      <input_file id="fl-7">
         <path>.\User_Define_SourceFiles\</path>
         <kind>object</kind>
         <file>S29GL256P_NOR_Flash_SourceFile.obj</file>
         <name>S29GL256P_NOR_Flash_SourceFile.obj</name>
      </input_file>
      <input_file id="fl-8">
         <path>.\User_Define_SourceFiles\</path>
         <kind>object</kind>
         <file>User_Define_SourceFile.obj</file>
         <name>User_Define_SourceFile.obj</name>
      </input_file>
      <input_file id="fl-c">
         <kind>object</kind>
         <file>&lt;internal&gt;</file>
         <name>&lt;internal&gt;</name>
      </input_file>
      <input_file id="fl-26">
         <path>C:\ti\ccs930\ccs\tools\compiler\ti-cgt-c6000_8.3.5\lib\</path>
         <kind>archive</kind>
         <file>rts6600_elf.lib</file>
         <name>printf.c.obj</name>
      </input_file>
      <input_file id="fl-27">
         <path>C:\ti\ccs930\ccs\tools\compiler\ti-cgt-c6000_8.3.5\lib\</path>
         <kind>archive</kind>
         <file>rts6600_elf.lib</file>
         <name>_printfi.c.obj</name>
      </input_file>
      <input_file id="fl-28">
         <path>C:\ti\ccs930\ccs\tools\compiler\ti-cgt-c6000_8.3.5\lib\</path>
         <kind>archive</kind>
         <file>rts6600_elf.lib</file>
         <name>fclose.c.obj</name>
      </input_file>
      <input_file id="fl-29">
         <path>C:\ti\ccs930\ccs\tools\compiler\ti-cgt-c6000_8.3.5\lib\</path>
         <kind>archive</kind>
         <file>rts6600_elf.lib</file>
         <name>fflush.c.obj</name>
      </input_file>
      <input_file id="fl-2a">
         <path>C:\ti\ccs930\ccs\tools\compiler\ti-cgt-c6000_8.3.5\lib\</path>
         <kind>archive</kind>
         <file>rts6600_elf.lib</file>
         <name>fopen.c.obj</name>
      </input_file>
      <input_file id="fl-2b">
         <path>C:\ti\ccs930\ccs\tools\compiler\ti-cgt-c6000_8.3.5\lib\</path>
         <kind>archive</kind>
         <file>rts6600_elf.lib</file>
         <name>fputc.c.obj</name>
      </input_file>
      <input_file id="fl-2c">
         <path>C:\ti\ccs930\ccs\tools\compiler\ti-cgt-c6000_8.3.5\lib\</path>
         <kind>archive</kind>
         <file>rts6600_elf.lib</file>
         <name>fputs.c.obj</name>
      </input_file>
      <input_file id="fl-2d">
         <path>C:\ti\ccs930\ccs\tools\compiler\ti-cgt-c6000_8.3.5\lib\</path>
         <kind>archive</kind>
         <file>rts6600_elf.lib</file>
         <name>fread.c.obj</name>
      </input_file>
      <input_file id="fl-2e">
         <path>C:\ti\ccs930\ccs\tools\compiler\ti-cgt-c6000_8.3.5\lib\</path>
         <kind>archive</kind>
         <file>rts6600_elf.lib</file>
         <name>fseek.c.obj</name>
      </input_file>
      <input_file id="fl-2f">
         <path>C:\ti\ccs930\ccs\tools\compiler\ti-cgt-c6000_8.3.5\lib\</path>
         <kind>archive</kind>
         <file>rts6600_elf.lib</file>
         <name>ftell.c.obj</name>
      </input_file>
      <input_file id="fl-30">
         <path>C:\ti\ccs930\ccs\tools\compiler\ti-cgt-c6000_8.3.5\lib\</path>
         <kind>archive</kind>
         <file>rts6600_elf.lib</file>
         <name>_bufread.c.obj</name>
      </input_file>
      <input_file id="fl-31">
         <path>C:\ti\ccs930\ccs\tools\compiler\ti-cgt-c6000_8.3.5\lib\</path>
         <kind>archive</kind>
         <file>rts6600_elf.lib</file>
         <name>_io_perm.c.obj</name>
      </input_file>
      <input_file id="fl-32">
         <path>C:\ti\ccs930\ccs\tools\compiler\ti-cgt-c6000_8.3.5\lib\</path>
         <kind>archive</kind>
         <file>rts6600_elf.lib</file>
         <name>setvbuf.c.obj</name>
      </input_file>
      <input_file id="fl-33">
         <path>C:\ti\ccs930\ccs\tools\compiler\ti-cgt-c6000_8.3.5\lib\</path>
         <kind>archive</kind>
         <file>rts6600_elf.lib</file>
         <name>wcslen.c.obj</name>
      </input_file>
      <input_file id="fl-34">
         <path>C:\ti\ccs930\ccs\tools\compiler\ti-cgt-c6000_8.3.5\lib\</path>
         <kind>archive</kind>
         <file>rts6600_elf.lib</file>
         <name>push.asm.obj</name>
      </input_file>
      <input_file id="fl-35">
         <path>C:\ti\ccs930\ccs\tools\compiler\ti-cgt-c6000_8.3.5\lib\</path>
         <kind>archive</kind>
         <file>rts6600_elf.lib</file>
         <name>divu.asm.obj</name>
      </input_file>
      <input_file id="fl-36">
         <path>C:\ti\ccs930\ccs\tools\compiler\ti-cgt-c6000_8.3.5\lib\</path>
         <kind>archive</kind>
         <file>rts6600_elf.lib</file>
         <name>memcpy64.asm.obj</name>
      </input_file>
      <input_file id="fl-37">
         <path>C:\ti\ccs930\ccs\tools\compiler\ti-cgt-c6000_8.3.5\lib\</path>
         <kind>archive</kind>
         <file>rts6600_elf.lib</file>
         <name>remu.asm.obj</name>
      </input_file>
      <input_file id="fl-38">
         <path>C:\ti\ccs930\ccs\tools\compiler\ti-cgt-c6000_8.3.5\lib\</path>
         <kind>archive</kind>
         <file>rts6600_elf.lib</file>
         <name>boot.c.obj</name>
      </input_file>
      <input_file id="fl-39">
         <path>C:\ti\ccs930\ccs\tools\compiler\ti-cgt-c6000_8.3.5\lib\</path>
         <kind>archive</kind>
         <file>rts6600_elf.lib</file>
         <name>imath40.c.obj</name>
      </input_file>
      <input_file id="fl-3a">
         <path>C:\ti\ccs930\ccs\tools\compiler\ti-cgt-c6000_8.3.5\lib\</path>
         <kind>archive</kind>
         <file>rts6600_elf.lib</file>
         <name>imath64.c.obj</name>
      </input_file>
      <input_file id="fl-3b">
         <path>C:\ti\ccs930\ccs\tools\compiler\ti-cgt-c6000_8.3.5\lib\</path>
         <kind>archive</kind>
         <file>rts6600_elf.lib</file>
         <name>llshift.c.obj</name>
      </input_file>
      <input_file id="fl-3c">
         <path>C:\ti\ccs930\ccs\tools\compiler\ti-cgt-c6000_8.3.5\lib\</path>
         <kind>archive</kind>
         <file>rts6600_elf.lib</file>
         <name>memset.c.obj</name>
      </input_file>
      <input_file id="fl-3d">
         <path>C:\ti\ccs930\ccs\tools\compiler\ti-cgt-c6000_8.3.5\lib\</path>
         <kind>archive</kind>
         <file>rts6600_elf.lib</file>
         <name>autoinit.c.obj</name>
      </input_file>
      <input_file id="fl-3e">
         <path>C:\ti\ccs930\ccs\tools\compiler\ti-cgt-c6000_8.3.5\lib\</path>
         <kind>archive</kind>
         <file>rts6600_elf.lib</file>
         <name>pre_init.c.obj</name>
      </input_file>
      <input_file id="fl-3f">
         <path>C:\ti\ccs930\ccs\tools\compiler\ti-cgt-c6000_8.3.5\lib\</path>
         <kind>archive</kind>
         <file>rts6600_elf.lib</file>
         <name>startup.c.obj</name>
      </input_file>
      <input_file id="fl-40">
         <path>C:\ti\ccs930\ccs\tools\compiler\ti-cgt-c6000_8.3.5\lib\</path>
         <kind>archive</kind>
         <file>rts6600_elf.lib</file>
         <name>cpy_tbl.c.obj</name>
      </input_file>
      <input_file id="fl-41">
         <path>C:\ti\ccs930\ccs\tools\compiler\ti-cgt-c6000_8.3.5\lib\</path>
         <kind>archive</kind>
         <file>rts6600_elf.lib</file>
         <name>copy_zero_init.c.obj</name>
      </input_file>
      <input_file id="fl-42">
         <path>C:\ti\ccs930\ccs\tools\compiler\ti-cgt-c6000_8.3.5\lib\</path>
         <kind>archive</kind>
         <file>rts6600_elf.lib</file>
         <name>copy_decompress_none.c.obj</name>
      </input_file>
      <input_file id="fl-43">
         <path>C:\ti\ccs930\ccs\tools\compiler\ti-cgt-c6000_8.3.5\lib\</path>
         <kind>archive</kind>
         <file>rts6600_elf.lib</file>
         <name>copy_decompress_rle.c.obj</name>
      </input_file>
      <input_file id="fl-44">
         <path>C:\ti\ccs930\ccs\tools\compiler\ti-cgt-c6000_8.3.5\lib\</path>
         <kind>archive</kind>
         <file>rts6600_elf.lib</file>
         <name>frexp.c.obj</name>
      </input_file>
      <input_file id="fl-45">
         <path>C:\ti\ccs930\ccs\tools\compiler\ti-cgt-c6000_8.3.5\lib\</path>
         <kind>archive</kind>
         <file>rts6600_elf.lib</file>
         <name>isinf.c.obj</name>
      </input_file>
      <input_file id="fl-46">
         <path>C:\ti\ccs930\ccs\tools\compiler\ti-cgt-c6000_8.3.5\lib\</path>
         <kind>archive</kind>
         <file>rts6600_elf.lib</file>
         <name>ldexp.c.obj</name>
      </input_file>
      <input_file id="fl-47">
         <path>C:\ti\ccs930\ccs\tools\compiler\ti-cgt-c6000_8.3.5\lib\</path>
         <kind>archive</kind>
         <file>rts6600_elf.lib</file>
         <name>signbit.c.obj</name>
      </input_file>
      <input_file id="fl-48">
         <path>C:\ti\ccs930\ccs\tools\compiler\ti-cgt-c6000_8.3.5\lib\</path>
         <kind>archive</kind>
         <file>rts6600_elf.lib</file>
         <name>divd.c.obj</name>
      </input_file>
      <input_file id="fl-49">
         <path>C:\ti\ccs930\ccs\tools\compiler\ti-cgt-c6000_8.3.5\lib\</path>
         <kind>archive</kind>
         <file>rts6600_elf.lib</file>
         <name>frcmpyd_div.c.obj</name>
      </input_file>
      <input_file id="fl-4a">
         <path>C:\ti\ccs930\ccs\tools\compiler\ti-cgt-c6000_8.3.5\lib\</path>
         <kind>archive</kind>
         <file>rts6600_elf.lib</file>
         <name>exit.c.obj</name>
      </input_file>
      <input_file id="fl-4b">
         <path>C:\ti\ccs930\ccs\tools\compiler\ti-cgt-c6000_8.3.5\lib\</path>
         <kind>archive</kind>
         <file>rts6600_elf.lib</file>
         <name>memory.c.obj</name>
      </input_file>
      <input_file id="fl-4c">
         <path>C:\ti\ccs930\ccs\tools\compiler\ti-cgt-c6000_8.3.5\lib\</path>
         <kind>archive</kind>
         <file>rts6600_elf.lib</file>
         <name>_lock.c.obj</name>
      </input_file>
      <input_file id="fl-4d">
         <path>C:\ti\ccs930\ccs\tools\compiler\ti-cgt-c6000_8.3.5\lib\</path>
         <kind>archive</kind>
         <file>rts6600_elf.lib</file>
         <name>_ltoa.c.obj</name>
      </input_file>
      <input_file id="fl-4e">
         <path>C:\ti\ccs930\ccs\tools\compiler\ti-cgt-c6000_8.3.5\lib\</path>
         <kind>archive</kind>
         <file>rts6600_elf.lib</file>
         <name>args_main.c.obj</name>
      </input_file>
      <input_file id="fl-4f">
         <path>C:\ti\ccs930\ccs\tools\compiler\ti-cgt-c6000_8.3.5\lib\</path>
         <kind>archive</kind>
         <file>rts6600_elf.lib</file>
         <name>atoi.c.obj</name>
      </input_file>
      <input_file id="fl-50">
         <path>C:\ti\ccs930\ccs\tools\compiler\ti-cgt-c6000_8.3.5\lib\</path>
         <kind>archive</kind>
         <file>rts6600_elf.lib</file>
         <name>close.c.obj</name>
      </input_file>
      <input_file id="fl-51">
         <path>C:\ti\ccs930\ccs\tools\compiler\ti-cgt-c6000_8.3.5\lib\</path>
         <kind>archive</kind>
         <file>rts6600_elf.lib</file>
         <name>ctype.c.obj</name>
      </input_file>
      <input_file id="fl-52">
         <path>C:\ti\ccs930\ccs\tools\compiler\ti-cgt-c6000_8.3.5\lib\</path>
         <kind>archive</kind>
         <file>rts6600_elf.lib</file>
         <name>defs.c.obj</name>
      </input_file>
      <input_file id="fl-53">
         <path>C:\ti\ccs930\ccs\tools\compiler\ti-cgt-c6000_8.3.5\lib\</path>
         <kind>archive</kind>
         <file>rts6600_elf.lib</file>
         <name>lseek.c.obj</name>
      </input_file>
      <input_file id="fl-54">
         <path>C:\ti\ccs930\ccs\tools\compiler\ti-cgt-c6000_8.3.5\lib\</path>
         <kind>archive</kind>
         <file>rts6600_elf.lib</file>
         <name>memccpy.c.obj</name>
      </input_file>
      <input_file id="fl-55">
         <path>C:\ti\ccs930\ccs\tools\compiler\ti-cgt-c6000_8.3.5\lib\</path>
         <kind>archive</kind>
         <file>rts6600_elf.lib</file>
         <name>open.c.obj</name>
      </input_file>
      <input_file id="fl-56">
         <path>C:\ti\ccs930\ccs\tools\compiler\ti-cgt-c6000_8.3.5\lib\</path>
         <kind>archive</kind>
         <file>rts6600_elf.lib</file>
         <name>read.c.obj</name>
      </input_file>
      <input_file id="fl-57">
         <path>C:\ti\ccs930\ccs\tools\compiler\ti-cgt-c6000_8.3.5\lib\</path>
         <kind>archive</kind>
         <file>rts6600_elf.lib</file>
         <name>remove.c.obj</name>
      </input_file>
      <input_file id="fl-58">
         <path>C:\ti\ccs930\ccs\tools\compiler\ti-cgt-c6000_8.3.5\lib\</path>
         <kind>archive</kind>
         <file>rts6600_elf.lib</file>
         <name>rewind.c.obj</name>
      </input_file>
      <input_file id="fl-59">
         <path>C:\ti\ccs930\ccs\tools\compiler\ti-cgt-c6000_8.3.5\lib\</path>
         <kind>archive</kind>
         <file>rts6600_elf.lib</file>
         <name>unlink.c.obj</name>
      </input_file>
      <input_file id="fl-5a">
         <path>C:\ti\ccs930\ccs\tools\compiler\ti-cgt-c6000_8.3.5\lib\</path>
         <kind>archive</kind>
         <file>rts6600_elf.lib</file>
         <name>write.c.obj</name>
      </input_file>
      <input_file id="fl-5b">
         <path>C:\ti\ccs930\ccs\tools\compiler\ti-cgt-c6000_8.3.5\lib\</path>
         <kind>archive</kind>
         <file>rts6600_elf.lib</file>
         <name>tls.c.obj</name>
      </input_file>
      <input_file id="fl-5c">
         <path>C:\ti\ccs930\ccs\tools\compiler\ti-cgt-c6000_8.3.5\lib\</path>
         <kind>archive</kind>
         <file>rts6600_elf.lib</file>
         <name>errno.c.obj</name>
      </input_file>
      <input_file id="fl-5d">
         <path>C:\ti\ccs930\ccs\tools\compiler\ti-cgt-c6000_8.3.5\lib\</path>
         <kind>archive</kind>
         <file>rts6600_elf.lib</file>
         <name>llabs.c.obj</name>
      </input_file>
      <input_file id="fl-5e">
         <path>C:\ti\ccs930\ccs\tools\compiler\ti-cgt-c6000_8.3.5\lib\</path>
         <kind>archive</kind>
         <file>rts6600_elf.lib</file>
         <name>getdevice.c.obj</name>
      </input_file>
      <input_file id="fl-5f">
         <path>C:\ti\ccs930\ccs\tools\compiler\ti-cgt-c6000_8.3.5\lib\</path>
         <kind>archive</kind>
         <file>rts6600_elf.lib</file>
         <name>tls_get_tp.asm.obj</name>
      </input_file>
      <input_file id="fl-60">
         <path>C:\ti\ccs930\ccs\tools\compiler\ti-cgt-c6000_8.3.5\lib\</path>
         <kind>archive</kind>
         <file>rts6600_elf.lib</file>
         <name>hostclose.c.obj</name>
      </input_file>
      <input_file id="fl-61">
         <path>C:\ti\ccs930\ccs\tools\compiler\ti-cgt-c6000_8.3.5\lib\</path>
         <kind>archive</kind>
         <file>rts6600_elf.lib</file>
         <name>hostlseek.c.obj</name>
      </input_file>
      <input_file id="fl-62">
         <path>C:\ti\ccs930\ccs\tools\compiler\ti-cgt-c6000_8.3.5\lib\</path>
         <kind>archive</kind>
         <file>rts6600_elf.lib</file>
         <name>hostopen.c.obj</name>
      </input_file>
      <input_file id="fl-63">
         <path>C:\ti\ccs930\ccs\tools\compiler\ti-cgt-c6000_8.3.5\lib\</path>
         <kind>archive</kind>
         <file>rts6600_elf.lib</file>
         <name>hostread.c.obj</name>
      </input_file>
      <input_file id="fl-64">
         <path>C:\ti\ccs930\ccs\tools\compiler\ti-cgt-c6000_8.3.5\lib\</path>
         <kind>archive</kind>
         <file>rts6600_elf.lib</file>
         <name>hostrename.c.obj</name>
      </input_file>
      <input_file id="fl-65">
         <path>C:\ti\ccs930\ccs\tools\compiler\ti-cgt-c6000_8.3.5\lib\</path>
         <kind>archive</kind>
         <file>rts6600_elf.lib</file>
         <name>hostunlink.c.obj</name>
      </input_file>
      <input_file id="fl-66">
         <path>C:\ti\ccs930\ccs\tools\compiler\ti-cgt-c6000_8.3.5\lib\</path>
         <kind>archive</kind>
         <file>rts6600_elf.lib</file>
         <name>hostwrite.c.obj</name>
      </input_file>
      <input_file id="fl-67">
         <path>C:\ti\ccs930\ccs\tools\compiler\ti-cgt-c6000_8.3.5\lib\</path>
         <kind>archive</kind>
         <file>rts6600_elf.lib</file>
         <name>trgmsg.c.obj</name>
      </input_file>
   </input_file_list>
   <object_component_list>
      <object_component id="oc-190">
         <name>.text:__TI_printfi</name>
         <load_address>0xc000000</load_address>
         <run_address>0xc000000</run_address>
         <size>0x1fe0</size>
         <input_file_ref idref="fl-27"/>
      </object_component>
      <object_component id="oc-288">
         <name>.text:_pconv_a</name>
         <load_address>0xc001fe0</load_address>
         <run_address>0xc001fe0</run_address>
         <size>0x640</size>
         <input_file_ref idref="fl-27"/>
      </object_component>
      <object_component id="oc-339">
         <name>.text:__c6xabi_divd</name>
         <load_address>0xc002620</load_address>
         <run_address>0xc002620</run_address>
         <size>0x600</size>
         <input_file_ref idref="fl-48"/>
      </object_component>
      <object_component id="oc-276">
         <name>.text:_pconv_g</name>
         <load_address>0xc002c20</load_address>
         <run_address>0xc002c20</run_address>
         <size>0x440</size>
         <input_file_ref idref="fl-27"/>
      </object_component>
      <object_component id="oc-128">
         <name>.text:free</name>
         <load_address>0xc003060</load_address>
         <run_address>0xc003060</run_address>
         <size>0x3c0</size>
         <input_file_ref idref="fl-4b"/>
      </object_component>
      <object_component id="oc-122">
         <name>.text</name>
         <load_address>0xc003420</load_address>
         <run_address>0xc003420</run_address>
         <size>0x3a0</size>
         <input_file_ref idref="fl-7"/>
      </object_component>
      <object_component id="oc-251">
         <name>.text:fputs</name>
         <load_address>0xc0037c0</load_address>
         <run_address>0xc0037c0</run_address>
         <size>0x2e0</size>
         <input_file_ref idref="fl-2c"/>
      </object_component>
      <object_component id="oc-352">
         <name>.text:fcvt</name>
         <load_address>0xc003aa0</load_address>
         <run_address>0xc003aa0</run_address>
         <size>0x2c0</size>
         <input_file_ref idref="fl-27"/>
      </object_component>
      <object_component id="oc-282">
         <name>.text:_pconv_e</name>
         <load_address>0xc003d60</load_address>
         <run_address>0xc003d60</run_address>
         <size>0x2a0</size>
         <input_file_ref idref="fl-27"/>
      </object_component>
      <object_component id="oc-329">
         <name>.text:__c6xabi_divull</name>
         <load_address>0xc004000</load_address>
         <run_address>0xc004000</run_address>
         <size>0x240</size>
         <input_file_ref idref="fl-3a"/>
      </object_component>
      <object_component id="oc-116">
         <name>.text:fread</name>
         <load_address>0xc004240</load_address>
         <run_address>0xc004240</run_address>
         <size>0x240</size>
         <input_file_ref idref="fl-2d"/>
      </object_component>
      <object_component id="oc-90">
         <name>.text</name>
         <load_address>0xc004480</load_address>
         <run_address>0xc004480</run_address>
         <size>0x220</size>
         <input_file_ref idref="fl-2"/>
      </object_component>
      <object_component id="oc-23c">
         <name>.text:open</name>
         <load_address>0xc0046a0</load_address>
         <run_address>0xc0046a0</run_address>
         <size>0x220</size>
         <input_file_ref idref="fl-55"/>
      </object_component>
      <object_component id="oc-32f">
         <name>.text:__c6xabi_divul</name>
         <load_address>0xc0048c0</load_address>
         <run_address>0xc0048c0</run_address>
         <size>0x1c0</size>
         <input_file_ref idref="fl-39"/>
      </object_component>
      <object_component id="oc-25e">
         <name>.text:_ltostr</name>
         <load_address>0xc004a80</load_address>
         <run_address>0xc004a80</run_address>
         <size>0x1c0</size>
         <input_file_ref idref="fl-27"/>
      </object_component>
      <object_component id="oc-17c">
         <name>.text:_openfile</name>
         <load_address>0xc004c40</load_address>
         <run_address>0xc004c40</run_address>
         <size>0x1c0</size>
         <input_file_ref idref="fl-2a"/>
      </object_component>
      <object_component id="oc-24a">
         <name>.text:fputc</name>
         <load_address>0xc004e00</load_address>
         <run_address>0xc004e00</run_address>
         <size>0x1c0</size>
         <input_file_ref idref="fl-2b"/>
      </object_component>
      <object_component id="oc-360">
         <name>.text:ldexp</name>
         <load_address>0xc004fc0</load_address>
         <run_address>0xc004fc0</run_address>
         <size>0x1c0</size>
         <input_file_ref idref="fl-46"/>
      </object_component>
      <object_component id="oc-110">
         <name>.text:malloc</name>
         <load_address>0xc005180</load_address>
         <run_address>0xc005180</run_address>
         <size>0x1c0</size>
         <input_file_ref idref="fl-4b"/>
      </object_component>
      <object_component id="oc-2d7">
         <name>.text:setvbuf</name>
         <load_address>0xc005340</load_address>
         <run_address>0xc005340</run_address>
         <size>0x1c0</size>
         <input_file_ref idref="fl-32"/>
      </object_component>
      <object_component id="oc-419">
         <name>.text:HOSTrename</name>
         <load_address>0xc005500</load_address>
         <run_address>0xc005500</run_address>
         <size>0x1a0</size>
         <input_file_ref idref="fl-64"/>
      </object_component>
      <object_component id="oc-35a">
         <name>.text:frexp</name>
         <load_address>0xc0056a0</load_address>
         <run_address>0xc0056a0</run_address>
         <size>0x1a0</size>
         <input_file_ref idref="fl-44"/>
      </object_component>
      <object_component id="oc-1d5">
         <name>.text:__TI_buff_read</name>
         <load_address>0xc005840</load_address>
         <run_address>0xc005840</run_address>
         <size>0x160</size>
         <input_file_ref idref="fl-30"/>
      </object_component>
      <object_component id="oc-f2">
         <name>.text:fopen</name>
         <load_address>0xc0059a0</load_address>
         <run_address>0xc0059a0</run_address>
         <size>0x140</size>
         <input_file_ref idref="fl-2a"/>
      </object_component>
      <object_component id="oc-27c">
         <name>.text:_pconv_f</name>
         <load_address>0xc005ae0</load_address>
         <run_address>0xc005ae0</run_address>
         <size>0x120</size>
         <input_file_ref idref="fl-27"/>
      </object_component>
      <object_component id="oc-312">
         <name>.text:getdevice</name>
         <load_address>0xc005c00</load_address>
         <run_address>0xc005c00</run_address>
         <size>0x120</size>
         <input_file_ref idref="fl-5e"/>
      </object_component>
      <object_component id="oc-1e8">
         <name>.text:__TI_closefile</name>
         <load_address>0xc005d20</load_address>
         <run_address>0xc005d20</run_address>
         <size>0x100</size>
         <input_file_ref idref="fl-28"/>
      </object_component>
      <object_component id="oc-3d">
         <name>.text:__TI_decompress_rle_core</name>
         <load_address>0xc005e20</load_address>
         <run_address>0xc005e20</run_address>
         <size>0x100</size>
         <input_file_ref idref="fl-43"/>
      </object_component>
      <object_component id="oc-34b">
         <name>.text:_mcpy</name>
         <load_address>0xc005f20</load_address>
         <run_address>0xc005f20</run_address>
         <size>0x100</size>
         <input_file_ref idref="fl-27"/>
      </object_component>
      <object_component id="oc-258">
         <name>.text:atoi</name>
         <load_address>0xc006020</load_address>
         <run_address>0xc006020</run_address>
         <size>0x100</size>
         <input_file_ref idref="fl-4f"/>
      </object_component>
      <object_component id="oc-fe">
         <name>.text:fseek</name>
         <load_address>0xc006120</load_address>
         <run_address>0xc006120</run_address>
         <size>0x100</size>
         <input_file_ref idref="fl-2e"/>
      </object_component>
      <object_component id="oc-104">
         <name>.text:ftell</name>
         <load_address>0xc006220</load_address>
         <run_address>0xc006220</run_address>
         <size>0x100</size>
         <input_file_ref idref="fl-2f"/>
      </object_component>
      <object_component id="oc-40d">
         <name>.text:HOSTlseek</name>
         <load_address>0xc006320</load_address>
         <run_address>0xc006320</run_address>
         <size>0xe0</size>
         <input_file_ref idref="fl-61"/>
      </object_component>
      <object_component id="oc-3f5">
         <name>.text:HOSTopen</name>
         <load_address>0xc006400</load_address>
         <run_address>0xc006400</run_address>
         <size>0xe0</size>
         <input_file_ref idref="fl-62"/>
      </object_component>
      <object_component id="oc-407">
         <name>.text:HOSTwrite</name>
         <load_address>0xc0064e0</load_address>
         <run_address>0xc0064e0</run_address>
         <size>0xe0</size>
         <input_file_ref idref="fl-66"/>
      </object_component>
      <object_component id="oc-33f">
         <name>.text:__TI_ltoa</name>
         <load_address>0xc0065c0</load_address>
         <run_address>0xc0065c0</run_address>
         <size>0xe0</size>
         <input_file_ref idref="fl-4d"/>
      </object_component>
      <object_component id="oc-31a">
         <name>.text:__TI_wrt_ok</name>
         <load_address>0xc0066a0</load_address>
         <run_address>0xc0066a0</run_address>
         <size>0xe0</size>
         <input_file_ref idref="fl-31"/>
      </object_component>
      <object_component id="oc-2e6">
         <name>.text:close</name>
         <load_address>0xc006780</load_address>
         <run_address>0xc006780</run_address>
         <size>0xe0</size>
         <input_file_ref idref="fl-50"/>
      </object_component>
      <object_component id="oc-5b">
         <name>.text:exit</name>
         <load_address>0xc006860</load_address>
         <run_address>0xc006860</run_address>
         <size>0xe0</size>
         <input_file_ref idref="fl-4a"/>
      </object_component>
      <object_component id="oc-7c">
         <name>.text:memset</name>
         <load_address>0xc006940</load_address>
         <run_address>0xc006940</run_address>
         <size>0xe0</size>
         <input_file_ref idref="fl-3c"/>
      </object_component>
      <object_component id="oc-f8">
         <name>.text:printf</name>
         <load_address>0xc006a20</load_address>
         <run_address>0xc006a20</run_address>
         <size>0xe0</size>
         <input_file_ref idref="fl-26"/>
      </object_component>
      <object_component id="oc-401">
         <name>.text:HOSTread</name>
         <load_address>0xc006b00</load_address>
         <run_address>0xc006b00</run_address>
         <size>0xc0</size>
         <input_file_ref idref="fl-63"/>
      </object_component>
      <object_component id="oc-413">
         <name>.text:HOSTunlink</name>
         <load_address>0xc006bc0</load_address>
         <run_address>0xc006bc0</run_address>
         <size>0xc0</size>
         <input_file_ref idref="fl-65"/>
      </object_component>
      <object_component id="oc-a4">
         <name>.text:__TI_auto_init_nobinit_nopinit:__TI_auto_init_nobinit_nopinit</name>
         <load_address>0xc006c80</load_address>
         <run_address>0xc006c80</run_address>
         <size>0xc0</size>
         <input_file_ref idref="fl-3d"/>
      </object_component>
      <object_component id="oc-19d">
         <name>.text:__TI_doflush</name>
         <load_address>0xc006d40</load_address>
         <run_address>0xc006d40</run_address>
         <size>0xc0</size>
         <input_file_ref idref="fl-29"/>
      </object_component>
      <object_component id="oc-1e1">
         <name>.text:__divu</name>
         <load_address>0xc006e00</load_address>
         <run_address>0xc006e00</run_address>
         <size>0xc0</size>
         <input_file_ref idref="fl-35"/>
      </object_component>
      <object_component id="oc-1c8">
         <name>.text:minsert</name>
         <load_address>0xc006ec0</load_address>
         <run_address>0xc006ec0</run_address>
         <size>0xc0</size>
         <input_file_ref idref="fl-4b"/>
      </object_component>
      <object_component id="oc-1c2">
         <name>.text:mremove</name>
         <load_address>0xc006f80</load_address>
         <run_address>0xc006f80</run_address>
         <size>0xc0</size>
         <input_file_ref idref="fl-4b"/>
      </object_component>
      <object_component id="oc-151">
         <name>.text:tls:init:__TI_tls_init</name>
         <load_address>0xc007040</load_address>
         <run_address>0xc007040</run_address>
         <size>0xc0</size>
         <input_file_ref idref="fl-5b"/>
      </object_component>
      <object_component id="oc-3fb">
         <name>.text:HOSTclose</name>
         <load_address>0xc007100</load_address>
         <run_address>0xc007100</run_address>
         <size>0xa0</size>
         <input_file_ref idref="fl-60"/>
      </object_component>
      <object_component id="oc-236">
         <name>.text:__TI_cleanup</name>
         <load_address>0xc0071a0</load_address>
         <run_address>0xc0071a0</run_address>
         <size>0xa0</size>
         <input_file_ref idref="fl-2a"/>
      </object_component>
      <object_component id="oc-1cf">
         <name>.text:__TI_rd_ok</name>
         <load_address>0xc007240</load_address>
         <run_address>0xc007240</run_address>
         <size>0xa0</size>
         <input_file_ref idref="fl-31"/>
      </object_component>
      <object_component id="oc-345">
         <name>.text:_ecpy</name>
         <load_address>0xc0072e0</load_address>
         <run_address>0xc0072e0</run_address>
         <size>0xa0</size>
         <input_file_ref idref="fl-27"/>
      </object_component>
      <object_component id="oc-3a1">
         <name>.text:finddevice</name>
         <load_address>0xc007380</load_address>
         <run_address>0xc007380</run_address>
         <size>0xa0</size>
         <input_file_ref idref="fl-5e"/>
      </object_component>
      <object_component id="oc-31">
         <name>.text:memcpy</name>
         <load_address>0xc007420</load_address>
         <run_address>0xc007420</run_address>
         <size>0xa0</size>
         <input_file_ref idref="fl-36"/>
      </object_component>
      <object_component id="oc-462">
         <name>.text:__TI_readmsg</name>
         <load_address>0xc0074c0</load_address>
         <run_address>0xc0074c0</run_address>
         <size>0x80</size>
         <input_file_ref idref="fl-67"/>
      </object_component>
      <object_component id="oc-3b5">
         <name>.text:__c6xabi_llshl</name>
         <load_address>0xc007540</load_address>
         <run_address>0xc007540</run_address>
         <size>0x80</size>
         <input_file_ref idref="fl-3b"/>
      </object_component>
      <object_component id="oc-25">
         <name>.text:_c_int00</name>
         <load_address>0xc0075c0</load_address>
         <run_address>0xc0075c0</run_address>
         <size>0x80</size>
         <input_file_ref idref="fl-38"/>
      </object_component>
      <object_component id="oc-11c">
         <name>.text:fclose</name>
         <load_address>0xc007640</load_address>
         <run_address>0xc007640</run_address>
         <size>0x80</size>
         <input_file_ref idref="fl-28"/>
      </object_component>
      <object_component id="oc-2ec">
         <name>.text:unlink</name>
         <load_address>0xc0076c0</load_address>
         <run_address>0xc0076c0</run_address>
         <size>0x80</size>
         <input_file_ref idref="fl-59"/>
      </object_component>
      <object_component id="oc-3cb">
         <name>.text:__TI_frcmpyd_div</name>
         <load_address>0xc007740</load_address>
         <run_address>0xc007740</run_address>
         <size>0x60</size>
         <input_file_ref idref="fl-49"/>
      </object_component>
      <object_component id="oc-45c">
         <name>.text:__TI_writemsg</name>
         <load_address>0xc0077a0</load_address>
         <run_address>0xc0077a0</run_address>
         <size>0x60</size>
         <input_file_ref idref="fl-67"/>
      </object_component>
      <object_component id="oc-3c1">
         <name>.text:__c6xabi_llshru</name>
         <load_address>0xc007800</load_address>
         <run_address>0xc007800</run_address>
         <size>0x60</size>
         <input_file_ref idref="fl-3b"/>
      </object_component>
      <object_component id="oc-3bb">
         <name>.text:_subcull</name>
         <load_address>0xc007860</load_address>
         <run_address>0xc007860</run_address>
         <size>0x60</size>
         <input_file_ref idref="fl-3a"/>
      </object_component>
      <object_component id="oc-1a3">
         <name>.text:lseek</name>
         <load_address>0xc0078c0</load_address>
         <run_address>0xc0078c0</run_address>
         <size>0x60</size>
         <input_file_ref idref="fl-53"/>
      </object_component>
      <object_component id="oc-28e">
         <name>.text:memccpy</name>
         <load_address>0xc007920</load_address>
         <run_address>0xc007920</run_address>
         <size>0x60</size>
         <input_file_ref idref="fl-54"/>
      </object_component>
      <object_component id="oc-1db">
         <name>.text:read</name>
         <load_address>0xc007980</load_address>
         <run_address>0xc007980</run_address>
         <size>0x60</size>
         <input_file_ref idref="fl-56"/>
      </object_component>
      <object_component id="oc-2b5">
         <name>.text:write</name>
         <load_address>0xc0079e0</load_address>
         <run_address>0xc0079e0</run_address>
         <size>0x60</size>
         <input_file_ref idref="fl-5a"/>
      </object_component>
      <object_component id="oc-1f8">
         <name>.text:Hold_On</name>
         <load_address>0xc007a40</load_address>
         <run_address>0xc007a40</run_address>
         <size>0x40</size>
         <input_file_ref idref="fl-7"/>
      </object_component>
      <object_component id="oc-26a">
         <name>.text:__c6xabi_isinf</name>
         <load_address>0xc007a80</load_address>
         <run_address>0xc007a80</run_address>
         <size>0x40</size>
         <input_file_ref idref="fl-45"/>
      </object_component>
      <object_component id="oc-264">
         <name>.text:__c6xabi_isnan</name>
         <load_address>0xc007ac0</load_address>
         <run_address>0xc007ac0</run_address>
         <size>0x40</size>
         <input_file_ref idref="fl-27"/>
      </object_component>
      <object_component id="oc-55">
         <name>.text:_args_main</name>
         <load_address>0xc007b00</load_address>
         <run_address>0xc007b00</run_address>
         <size>0x40</size>
         <input_file_ref idref="fl-4e"/>
      </object_component>
      <object_component id="oc-294">
         <name>.text:wcslen</name>
         <load_address>0xc007b40</load_address>
         <run_address>0xc007b40</run_address>
         <size>0x40</size>
         <input_file_ref idref="fl-33"/>
      </object_component>
      <object_component id="oc-1f0">
         <name>.text:S29GL256P_NOR_Flash_Reset</name>
         <load_address>0xc007b80</load_address>
         <run_address>0xc007b80</run_address>
         <size>0x20</size>
         <input_file_ref idref="fl-7"/>
      </object_component>
      <object_component id="oc-1b0">
         <name>.text:__c6xabi_errno_addr</name>
         <load_address>0xc007ba0</load_address>
         <run_address>0xc007ba0</run_address>
         <size>0x20</size>
         <input_file_ref idref="fl-5c"/>
      </object_component>
      <object_component id="oc-1a9">
         <name>.text:__pop_rts</name>
         <load_address>0xc007bc0</load_address>
         <run_address>0xc007bc0</run_address>
         <size>0x20</size>
         <input_file_ref idref="fl-34"/>
      </object_component>
      <object_component id="oc-198">
         <name>.text:__push_rts</name>
         <load_address>0xc007be0</load_address>
         <run_address>0xc007be0</run_address>
         <size>0x20</size>
         <input_file_ref idref="fl-34"/>
      </object_component>
      <object_component id="oc-225">
         <name>.text:_nop</name>
         <load_address>0xc007c00</load_address>
         <run_address>0xc007c00</run_address>
         <size>0x20</size>
         <input_file_ref idref="fl-4c"/>
      </object_component>
      <object_component id="oc-184">
         <name>.text:_outc</name>
         <load_address>0xc007c20</load_address>
         <run_address>0xc007c20</run_address>
         <size>0x20</size>
         <input_file_ref idref="fl-26"/>
      </object_component>
      <object_component id="oc-18a">
         <name>.text:_outs</name>
         <load_address>0xc007c40</load_address>
         <run_address>0xc007c40</run_address>
         <size>0x20</size>
         <input_file_ref idref="fl-26"/>
      </object_component>
      <object_component id="oc-270">
         <name>.text:_signbit</name>
         <load_address>0xc007c60</load_address>
         <run_address>0xc007c60</run_address>
         <size>0x20</size>
         <input_file_ref idref="fl-47"/>
      </object_component>
      <object_component id="oc-14b">
         <name>.text:_system_post_cinit</name>
         <load_address>0xc007c80</load_address>
         <run_address>0xc007c80</run_address>
         <size>0x20</size>
         <input_file_ref idref="fl-3f"/>
      </object_component>
      <object_component id="oc-61">
         <name>.text:_system_pre_init</name>
         <load_address>0xc007ca0</load_address>
         <run_address>0xc007ca0</run_address>
         <size>0x20</size>
         <input_file_ref idref="fl-3e"/>
      </object_component>
      <object_component id="oc-9b">
         <name>.text:abort</name>
         <load_address>0xc007cc0</load_address>
         <run_address>0xc007cc0</run_address>
         <size>0x20</size>
         <input_file_ref idref="fl-4a"/>
      </object_component>
      <object_component id="oc-18">
         <name>.text:decompress:none:__TI_decompress_none</name>
         <load_address>0xc007ce0</load_address>
         <run_address>0xc007ce0</run_address>
         <size>0x20</size>
         <input_file_ref idref="fl-42"/>
      </object_component>
      <object_component id="oc-1e">
         <name>.text:decompress:rle24:__TI_decompress_rle24</name>
         <load_address>0xc007d00</load_address>
         <run_address>0xc007d00</run_address>
         <size>0x20</size>
         <input_file_ref idref="fl-43"/>
      </object_component>
      <object_component id="oc-10a">
         <name>.text:rewind</name>
         <load_address>0xc007d20</load_address>
         <run_address>0xc007d20</run_address>
         <size>0x20</size>
         <input_file_ref idref="fl-58"/>
      </object_component>
      <object_component id="oc-2b">
         <name>.stack</name>
         <uninitialized>true</uninitialized>
         <run_address>0xc007d40</run_address>
         <size>0x8</size>
         <input_file_ref idref="fl-38"/>
      </object_component>
      <object_component id="oc-4cb">
         <name>.stack</name>
         <uninitialized>true</uninitialized>
         <run_address>0xc007d40</run_address>
         <size>0x0</size>
      </object_component>
      <object_component id="oc-488">
         <name>.cio</name>
         <uninitialized>true</uninitialized>
         <run_address>0xc008b38</run_address>
         <size>0x120</size>
         <input_file_ref idref="fl-67"/>
      </object_component>
      <object_component id="oc-324">
         <name>.const:.string:_ctypes_</name>
         <load_address>0xc008868</load_address>
         <run_address>0xc008868</run_address>
         <size>0x101</size>
         <input_file_ref idref="fl-51"/>
      </object_component>
      <object_component id="oc-f1">
         <name>.const:.string</name>
         <load_address>0xc00896c</load_address>
         <run_address>0xc00896c</run_address>
         <size>0x60</size>
         <input_file_ref idref="fl-2"/>
      </object_component>
      <object_component id="oc-29a">
         <name>.const:.string</name>
         <load_address>0xc0089cc</load_address>
         <run_address>0xc0089cc</run_address>
         <size>0x24</size>
         <input_file_ref idref="fl-27"/>
      </object_component>
      <object_component id="oc-29b">
         <name>.switch:__TI_printfi</name>
         <load_address>0xc008c58</load_address>
         <run_address>0xc008c58</run_address>
         <size>0x38</size>
         <input_file_ref idref="fl-27"/>
      </object_component>
      <object_component id="oc-2e">
         <name>.sysmem</name>
         <uninitialized>true</uninitialized>
         <run_address>0xc008140</run_address>
         <size>0x8</size>
         <input_file_ref idref="fl-4b"/>
      </object_component>
      <object_component id="oc-4cc">
         <name>.sysmem</name>
         <uninitialized>true</uninitialized>
         <run_address>0xc008140</run_address>
         <size>0x0</size>
      </object_component>
      <object_component id="oc-2f2">
         <name>.common:__TI_tmpnams</name>
         <uninitialized>true</uninitialized>
         <run_address>0xc0089f0</run_address>
         <size>0x140</size>
      </object_component>
      <object_component id="oc-459">
         <name>.common:parmbuf</name>
         <uninitialized>true</uninitialized>
         <run_address>0xc008b30</run_address>
         <size>0x8</size>
      </object_component>
      <object_component id="oc-4ca">
         <name>.cinit..fardata.load</name>
         <load_address>0xc008c90</load_address>
         <run_address>0xc008c90</run_address>
         <size>0x6f</size>
      </object_component>
      <object_component id="oc-4c9">
         <name>.cinit..far.load</name>
         <load_address>0xc008cff</load_address>
         <run_address>0xc008cff</run_address>
         <size>0xb</size>
      </object_component>
      <object_component id="oc-4c7">
         <name>__TI_handler_table</name>
         <load_address>0xc008d0c</load_address>
         <run_address>0xc008d0c</run_address>
         <size>0x8</size>
      </object_component>
      <object_component id="oc-4c8">
         <name>__TI_cinit_table</name>
         <load_address>0xc008d18</load_address>
         <run_address>0xc008d18</run_address>
         <size>0x10</size>
      </object_component>
      <object_component id="oc-172">
         <name>.fardata</name>
         <load_address>0xc00885c</load_address>
         <run_address>0xc00885c</run_address>
         <size>0x4</size>
         <input_file_ref idref="fl-2a"/>
      </object_component>
      <object_component id="oc-98">
         <name>.fardata</name>
         <load_address>0xc008838</load_address>
         <run_address>0xc008838</run_address>
         <size>0xc</size>
         <input_file_ref idref="fl-4a"/>
      </object_component>
      <object_component id="oc-1bf">
         <name>.fardata</name>
         <load_address>0xc008844</load_address>
         <run_address>0xc008844</run_address>
         <size>0x8</size>
         <input_file_ref idref="fl-4b"/>
      </object_component>
      <object_component id="oc-16f">
         <name>.fardata:_lock</name>
         <load_address>0xc00884c</load_address>
         <run_address>0xc00884c</run_address>
         <size>0x4</size>
         <input_file_ref idref="fl-4c"/>
      </object_component>
      <object_component id="oc-179">
         <name>.fardata:_unlock</name>
         <load_address>0xc008850</load_address>
         <run_address>0xc008850</run_address>
         <size>0x4</size>
         <input_file_ref idref="fl-4c"/>
      </object_component>
      <object_component id="oc-173">
         <name>.fardata:_ftable</name>
         <load_address>0xc008540</load_address>
         <run_address>0xc008540</run_address>
         <size>0x1e0</size>
         <input_file_ref idref="fl-52"/>
      </object_component>
      <object_component id="oc-176">
         <name>.fardata</name>
         <load_address>0xc008854</load_address>
         <run_address>0xc008854</run_address>
         <size>0x4</size>
         <input_file_ref idref="fl-52"/>
      </object_component>
      <object_component id="oc-311">
         <name>.fardata</name>
         <load_address>0xc008860</load_address>
         <run_address>0xc008860</run_address>
         <size>0x4</size>
         <input_file_ref idref="fl-55"/>
      </object_component>
      <object_component id="oc-380">
         <name>.fardata:_device</name>
         <load_address>0xc0087c0</load_address>
         <run_address>0xc0087c0</run_address>
         <size>0x78</size>
         <input_file_ref idref="fl-5a"/>
      </object_component>
      <object_component id="oc-2bd">
         <name>.fardata:_stream</name>
         <load_address>0xc008720</load_address>
         <run_address>0xc008720</run_address>
         <size>0xa0</size>
         <input_file_ref idref="fl-5a"/>
      </object_component>
      <object_component id="oc-2ca">
         <name>.fardata</name>
         <load_address>0xc008858</load_address>
         <run_address>0xc008858</run_address>
         <size>0x4</size>
         <input_file_ref idref="fl-5c"/>
      </object_component>
      <object_component id="oc-134">
         <name>.debug_info</name>
         <load_address>0x0</load_address>
         <run_address>0x0</run_address>
         <size>0x7f0</size>
         <input_file_ref idref="fl-2"/>
      </object_component>
      <object_component id="oc-92">
         <name>.debug_info</name>
         <load_address>0x7f0</load_address>
         <run_address>0x7f0</run_address>
         <size>0x400</size>
         <input_file_ref idref="fl-2"/>
      </object_component>
      <object_component id="oc-12f">
         <name>.debug_info</name>
         <load_address>0xbf0</load_address>
         <run_address>0xbf0</run_address>
         <size>0x48</size>
         <input_file_ref idref="fl-2"/>
      </object_component>
      <object_component id="oc-205">
         <name>.debug_info</name>
         <load_address>0xc38</load_address>
         <run_address>0xc38</run_address>
         <size>0x26b</size>
         <input_file_ref idref="fl-2"/>
      </object_component>
      <object_component id="oc-77">
         <name>.debug_info</name>
         <load_address>0xea3</load_address>
         <run_address>0xea3</run_address>
         <size>0xc0</size>
         <input_file_ref idref="fl-2"/>
      </object_component>
      <object_component id="oc-20a">
         <name>.debug_info</name>
         <load_address>0xf63</load_address>
         <run_address>0xf63</run_address>
         <size>0x275</size>
         <input_file_ref idref="fl-2"/>
      </object_component>
      <object_component id="oc-135">
         <name>.debug_info</name>
         <load_address>0x11d8</load_address>
         <run_address>0x11d8</run_address>
         <size>0xbb</size>
         <input_file_ref idref="fl-2"/>
      </object_component>
      <object_component id="oc-13a">
         <name>.debug_info</name>
         <load_address>0x1293</load_address>
         <run_address>0x1293</run_address>
         <size>0xcc</size>
         <input_file_ref idref="fl-2"/>
      </object_component>
      <object_component id="oc-29e">
         <name>.debug_info</name>
         <load_address>0x135f</load_address>
         <run_address>0x135f</run_address>
         <size>0x2c</size>
         <input_file_ref idref="fl-2"/>
      </object_component>
      <object_component id="oc-201">
         <name>.debug_info</name>
         <load_address>0x138b</load_address>
         <run_address>0x138b</run_address>
         <size>0x5b3</size>
         <input_file_ref idref="fl-7"/>
      </object_component>
      <object_component id="oc-1f1">
         <name>.debug_info</name>
         <load_address>0x193e</load_address>
         <run_address>0x193e</run_address>
         <size>0x5e</size>
         <input_file_ref idref="fl-7"/>
      </object_component>
      <object_component id="oc-1fa">
         <name>.debug_info</name>
         <load_address>0x199c</load_address>
         <run_address>0x199c</run_address>
         <size>0x64</size>
         <input_file_ref idref="fl-7"/>
      </object_component>
      <object_component id="oc-124">
         <name>.debug_info</name>
         <load_address>0x1a00</load_address>
         <run_address>0x1a00</run_address>
         <size>0x8ca</size>
         <input_file_ref idref="fl-7"/>
      </object_component>
      <object_component id="oc-197">
         <name>.debug_info</name>
         <load_address>0x22ca</load_address>
         <run_address>0x22ca</run_address>
         <size>0x6af</size>
         <input_file_ref idref="fl-26"/>
      </object_component>
      <object_component id="oc-187">
         <name>.debug_info</name>
         <load_address>0x2979</load_address>
         <run_address>0x2979</run_address>
         <size>0x151</size>
         <input_file_ref idref="fl-26"/>
      </object_component>
      <object_component id="oc-18d">
         <name>.debug_info</name>
         <load_address>0x2aca</load_address>
         <run_address>0x2aca</run_address>
         <size>0x160</size>
         <input_file_ref idref="fl-26"/>
      </object_component>
      <object_component id="oc-fb">
         <name>.debug_info</name>
         <load_address>0x2c2a</load_address>
         <run_address>0x2c2a</run_address>
         <size>0x198</size>
         <input_file_ref idref="fl-26"/>
      </object_component>
      <object_component id="oc-245">
         <name>.debug_info</name>
         <load_address>0x2dc2</load_address>
         <run_address>0x2dc2</run_address>
         <size>0xb2</size>
         <input_file_ref idref="fl-26"/>
      </object_component>
      <object_component id="oc-29d">
         <name>.debug_info</name>
         <load_address>0x2e74</load_address>
         <run_address>0x2e74</run_address>
         <size>0x80d</size>
         <input_file_ref idref="fl-27"/>
      </object_component>
      <object_component id="oc-260">
         <name>.debug_info</name>
         <load_address>0x3681</load_address>
         <run_address>0x3681</run_address>
         <size>0x25b</size>
         <input_file_ref idref="fl-27"/>
      </object_component>
      <object_component id="oc-266">
         <name>.debug_info</name>
         <load_address>0x38dc</load_address>
         <run_address>0x38dc</run_address>
         <size>0x221</size>
         <input_file_ref idref="fl-27"/>
      </object_component>
      <object_component id="oc-347">
         <name>.debug_info</name>
         <load_address>0x3afd</load_address>
         <run_address>0x3afd</run_address>
         <size>0x1a8</size>
         <input_file_ref idref="fl-27"/>
      </object_component>
      <object_component id="oc-34d">
         <name>.debug_info</name>
         <load_address>0x3ca5</load_address>
         <run_address>0x3ca5</run_address>
         <size>0x219</size>
         <input_file_ref idref="fl-27"/>
      </object_component>
      <object_component id="oc-278">
         <name>.debug_info</name>
         <load_address>0x3ebe</load_address>
         <run_address>0x3ebe</run_address>
         <size>0x2fd</size>
         <input_file_ref idref="fl-27"/>
      </object_component>
      <object_component id="oc-354">
         <name>.debug_info</name>
         <load_address>0x41bb</load_address>
         <run_address>0x41bb</run_address>
         <size>0x25a</size>
         <input_file_ref idref="fl-27"/>
      </object_component>
      <object_component id="oc-27e">
         <name>.debug_info</name>
         <load_address>0x4415</load_address>
         <run_address>0x4415</run_address>
         <size>0x280</size>
         <input_file_ref idref="fl-27"/>
      </object_component>
      <object_component id="oc-284">
         <name>.debug_info</name>
         <load_address>0x4695</load_address>
         <run_address>0x4695</run_address>
         <size>0x2eb</size>
         <input_file_ref idref="fl-27"/>
      </object_component>
      <object_component id="oc-28a">
         <name>.debug_info</name>
         <load_address>0x4980</load_address>
         <run_address>0x4980</run_address>
         <size>0x4c0</size>
         <input_file_ref idref="fl-27"/>
      </object_component>
      <object_component id="oc-192">
         <name>.debug_info</name>
         <load_address>0x4e40</load_address>
         <run_address>0x4e40</run_address>
         <size>0x6ad</size>
         <input_file_ref idref="fl-27"/>
      </object_component>
      <object_component id="oc-2a3">
         <name>.debug_info</name>
         <load_address>0x54ed</load_address>
         <run_address>0x54ed</run_address>
         <size>0x86</size>
         <input_file_ref idref="fl-27"/>
      </object_component>
      <object_component id="oc-372">
         <name>.debug_info</name>
         <load_address>0x5573</load_address>
         <run_address>0x5573</run_address>
         <size>0x39</size>
         <input_file_ref idref="fl-27"/>
      </object_component>
      <object_component id="oc-3ee">
         <name>.debug_info</name>
         <load_address>0x55ac</load_address>
         <run_address>0x55ac</run_address>
         <size>0x94</size>
         <input_file_ref idref="fl-27"/>
      </object_component>
      <object_component id="oc-377">
         <name>.debug_info</name>
         <load_address>0x5640</load_address>
         <run_address>0x5640</run_address>
         <size>0x46</size>
         <input_file_ref idref="fl-27"/>
      </object_component>
      <object_component id="oc-2ad">
         <name>.debug_info</name>
         <load_address>0x5686</load_address>
         <run_address>0x5686</run_address>
         <size>0x46</size>
         <input_file_ref idref="fl-27"/>
      </object_component>
      <object_component id="oc-2a8">
         <name>.debug_info</name>
         <load_address>0x56cc</load_address>
         <run_address>0x56cc</run_address>
         <size>0x2c</size>
         <input_file_ref idref="fl-27"/>
      </object_component>
      <object_component id="oc-1ef">
         <name>.debug_info</name>
         <load_address>0x56f8</load_address>
         <run_address>0x56f8</run_address>
         <size>0x66f</size>
         <input_file_ref idref="fl-28"/>
      </object_component>
      <object_component id="oc-1ea">
         <name>.debug_info</name>
         <load_address>0x5d67</load_address>
         <run_address>0x5d67</run_address>
         <size>0x20c</size>
         <input_file_ref idref="fl-28"/>
      </object_component>
      <object_component id="oc-11d">
         <name>.debug_info</name>
         <load_address>0x5f73</load_address>
         <run_address>0x5f73</run_address>
         <size>0x192</size>
         <input_file_ref idref="fl-28"/>
      </object_component>
      <object_component id="oc-2bc">
         <name>.debug_info</name>
         <load_address>0x6105</load_address>
         <run_address>0x6105</run_address>
         <size>0x611</size>
         <input_file_ref idref="fl-29"/>
      </object_component>
      <object_component id="oc-1a0">
         <name>.debug_info</name>
         <load_address>0x6716</load_address>
         <run_address>0x6716</run_address>
         <size>0x179</size>
         <input_file_ref idref="fl-29"/>
      </object_component>
      <object_component id="oc-183">
         <name>.debug_info</name>
         <load_address>0x688f</load_address>
         <run_address>0x688f</run_address>
         <size>0x6ab</size>
         <input_file_ref idref="fl-2a"/>
      </object_component>
      <object_component id="oc-17e">
         <name>.debug_info</name>
         <load_address>0x6f3a</load_address>
         <run_address>0x6f3a</run_address>
         <size>0x1ec</size>
         <input_file_ref idref="fl-2a"/>
      </object_component>
      <object_component id="oc-238">
         <name>.debug_info</name>
         <load_address>0x7126</load_address>
         <run_address>0x7126</run_address>
         <size>0x16b</size>
         <input_file_ref idref="fl-2a"/>
      </object_component>
      <object_component id="oc-f5">
         <name>.debug_info</name>
         <load_address>0x7291</load_address>
         <run_address>0x7291</run_address>
         <size>0x1c2</size>
         <input_file_ref idref="fl-2a"/>
      </object_component>
      <object_component id="oc-d8">
         <name>.debug_info</name>
         <load_address>0x7453</load_address>
         <run_address>0x7453</run_address>
         <size>0x2c</size>
         <input_file_ref idref="fl-2a"/>
      </object_component>
      <object_component id="oc-321">
         <name>.debug_info</name>
         <load_address>0x747f</load_address>
         <run_address>0x747f</run_address>
         <size>0x64d</size>
         <input_file_ref idref="fl-2b"/>
      </object_component>
      <object_component id="oc-24b">
         <name>.debug_info</name>
         <load_address>0x7acc</load_address>
         <run_address>0x7acc</run_address>
         <size>0x212</size>
         <input_file_ref idref="fl-2b"/>
      </object_component>
      <object_component id="oc-323">
         <name>.debug_info</name>
         <load_address>0x7cde</load_address>
         <run_address>0x7cde</run_address>
         <size>0x65e</size>
         <input_file_ref idref="fl-2c"/>
      </object_component>
      <object_component id="oc-252">
         <name>.debug_info</name>
         <load_address>0x833c</load_address>
         <run_address>0x833c</run_address>
         <size>0x325</size>
         <input_file_ref idref="fl-2c"/>
      </object_component>
      <object_component id="oc-e4">
         <name>.debug_info</name>
         <load_address>0x8661</load_address>
         <run_address>0x8661</run_address>
         <size>0x2c</size>
         <input_file_ref idref="fl-2c"/>
      </object_component>
      <object_component id="oc-1e7">
         <name>.debug_info</name>
         <load_address>0x868d</load_address>
         <run_address>0x868d</run_address>
         <size>0x626</size>
         <input_file_ref idref="fl-2d"/>
      </object_component>
      <object_component id="oc-117">
         <name>.debug_info</name>
         <load_address>0x8cb3</load_address>
         <run_address>0x8cb3</run_address>
         <size>0x2da</size>
         <input_file_ref idref="fl-2d"/>
      </object_component>
      <object_component id="oc-1af">
         <name>.debug_info</name>
         <load_address>0x8f8d</load_address>
         <run_address>0x8f8d</run_address>
         <size>0x5ed</size>
         <input_file_ref idref="fl-2e"/>
      </object_component>
      <object_component id="oc-ff">
         <name>.debug_info</name>
         <load_address>0x957a</load_address>
         <run_address>0x957a</run_address>
         <size>0x20c</size>
         <input_file_ref idref="fl-2e"/>
      </object_component>
      <object_component id="oc-2c1">
         <name>.debug_info</name>
         <load_address>0x9786</load_address>
         <run_address>0x9786</run_address>
         <size>0x2c</size>
         <input_file_ref idref="fl-2e"/>
      </object_component>
      <object_component id="oc-1b7">
         <name>.debug_info</name>
         <load_address>0x97b2</load_address>
         <run_address>0x97b2</run_address>
         <size>0x5f3</size>
         <input_file_ref idref="fl-2f"/>
      </object_component>
      <object_component id="oc-105">
         <name>.debug_info</name>
         <load_address>0x9da5</load_address>
         <run_address>0x9da5</run_address>
         <size>0x1b5</size>
         <input_file_ref idref="fl-2f"/>
      </object_component>
      <object_component id="oc-1b8">
         <name>.debug_info</name>
         <load_address>0x9f5a</load_address>
         <run_address>0x9f5a</run_address>
         <size>0xbf</size>
         <input_file_ref idref="fl-2f"/>
      </object_component>
      <object_component id="oc-2e0">
         <name>.debug_info</name>
         <load_address>0xa019</load_address>
         <run_address>0xa019</run_address>
         <size>0x63a</size>
         <input_file_ref idref="fl-30"/>
      </object_component>
      <object_component id="oc-1d7">
         <name>.debug_info</name>
         <load_address>0xa653</load_address>
         <run_address>0xa653</run_address>
         <size>0x201</size>
         <input_file_ref idref="fl-30"/>
      </object_component>
      <object_component id="oc-2de">
         <name>.debug_info</name>
         <load_address>0xa854</load_address>
         <run_address>0xa854</run_address>
         <size>0x5c9</size>
         <input_file_ref idref="fl-31"/>
      </object_component>
      <object_component id="oc-31c">
         <name>.debug_info</name>
         <load_address>0xae1d</load_address>
         <run_address>0xae1d</run_address>
         <size>0x18b</size>
         <input_file_ref idref="fl-31"/>
      </object_component>
      <object_component id="oc-1d1">
         <name>.debug_info</name>
         <load_address>0xafa8</load_address>
         <run_address>0xafa8</run_address>
         <size>0x17d</size>
         <input_file_ref idref="fl-31"/>
      </object_component>
      <object_component id="oc-392">
         <name>.debug_info</name>
         <load_address>0xb125</load_address>
         <run_address>0xb125</run_address>
         <size>0xbf</size>
         <input_file_ref idref="fl-31"/>
      </object_component>
      <object_component id="oc-391">
         <name>.debug_info</name>
         <load_address>0xb1e4</load_address>
         <run_address>0xb1e4</run_address>
         <size>0x633</size>
         <input_file_ref idref="fl-32"/>
      </object_component>
      <object_component id="oc-2d8">
         <name>.debug_info</name>
         <load_address>0xb817</load_address>
         <run_address>0xb817</run_address>
         <size>0x22b</size>
         <input_file_ref idref="fl-32"/>
      </object_component>
      <object_component id="oc-36f">
         <name>.debug_info</name>
         <load_address>0xba42</load_address>
         <run_address>0xba42</run_address>
         <size>0x558</size>
         <input_file_ref idref="fl-33"/>
      </object_component>
      <object_component id="oc-295">
         <name>.debug_info</name>
         <load_address>0xbf9a</load_address>
         <run_address>0xbf9a</run_address>
         <size>0x14f</size>
         <input_file_ref idref="fl-33"/>
      </object_component>
      <object_component id="oc-3e7">
         <name>.debug_info</name>
         <load_address>0xc0e9</load_address>
         <run_address>0xc0e9</run_address>
         <size>0x46</size>
         <input_file_ref idref="fl-33"/>
      </object_component>
      <object_component id="oc-36a">
         <name>.debug_info</name>
         <load_address>0xc12f</load_address>
         <run_address>0xc12f</run_address>
         <size>0x39</size>
         <input_file_ref idref="fl-33"/>
      </object_component>
      <object_component id="oc-199">
         <name>.debug_info</name>
         <load_address>0xc168</load_address>
         <run_address>0xc168</run_address>
         <size>0x10e</size>
         <input_file_ref idref="fl-34"/>
      </object_component>
      <object_component id="oc-1aa">
         <name>.debug_info</name>
         <load_address>0xc276</load_address>
         <run_address>0xc276</run_address>
         <size>0x10c</size>
         <input_file_ref idref="fl-34"/>
      </object_component>
      <object_component id="oc-1e2">
         <name>.debug_info</name>
         <load_address>0xc382</load_address>
         <run_address>0xc382</run_address>
         <size>0x114</size>
         <input_file_ref idref="fl-35"/>
      </object_component>
      <object_component id="oc-34">
         <name>.debug_info</name>
         <load_address>0xc496</load_address>
         <run_address>0xc496</run_address>
         <size>0x121</size>
         <input_file_ref idref="fl-36"/>
      </object_component>
      <object_component id="oc-6b">
         <name>.debug_info</name>
         <load_address>0xc5b7</load_address>
         <run_address>0xc5b7</run_address>
         <size>0x5de</size>
         <input_file_ref idref="fl-38"/>
      </object_component>
      <object_component id="oc-2c">
         <name>.debug_info</name>
         <load_address>0xcb95</load_address>
         <run_address>0xcb95</run_address>
         <size>0xf5</size>
         <input_file_ref idref="fl-38"/>
      </object_component>
      <object_component id="oc-28">
         <name>.debug_info</name>
         <load_address>0xcc8a</load_address>
         <run_address>0xcc8a</run_address>
         <size>0x182</size>
         <input_file_ref idref="fl-38"/>
      </object_component>
      <object_component id="oc-3ca">
         <name>.debug_info</name>
         <load_address>0xce0c</load_address>
         <run_address>0xce0c</run_address>
         <size>0x553</size>
         <input_file_ref idref="fl-39"/>
      </object_component>
      <object_component id="oc-330">
         <name>.debug_info</name>
         <load_address>0xd35f</load_address>
         <run_address>0xd35f</run_address>
         <size>0x1d4</size>
         <input_file_ref idref="fl-39"/>
      </object_component>
      <object_component id="oc-3c8">
         <name>.debug_info</name>
         <load_address>0xd533</load_address>
         <run_address>0xd533</run_address>
         <size>0x573</size>
         <input_file_ref idref="fl-3a"/>
      </object_component>
      <object_component id="oc-3bc">
         <name>.debug_info</name>
         <load_address>0xdaa6</load_address>
         <run_address>0xdaa6</run_address>
         <size>0x179</size>
         <input_file_ref idref="fl-3a"/>
      </object_component>
      <object_component id="oc-32a">
         <name>.debug_info</name>
         <load_address>0xdc1f</load_address>
         <run_address>0xdc1f</run_address>
         <size>0x251</size>
         <input_file_ref idref="fl-3a"/>
      </object_component>
      <object_component id="oc-437">
         <name>.debug_info</name>
         <load_address>0xde70</load_address>
         <run_address>0xde70</run_address>
         <size>0x553</size>
         <input_file_ref idref="fl-3b"/>
      </object_component>
      <object_component id="oc-3c5">
         <name>.debug_info</name>
         <load_address>0xe3c3</load_address>
         <run_address>0xe3c3</run_address>
         <size>0x19e</size>
         <input_file_ref idref="fl-3b"/>
      </object_component>
      <object_component id="oc-3b6">
         <name>.debug_info</name>
         <load_address>0xe561</load_address>
         <run_address>0xe561</run_address>
         <size>0x18b</size>
         <input_file_ref idref="fl-3b"/>
      </object_component>
      <object_component id="oc-432">
         <name>.debug_info</name>
         <load_address>0xe6ec</load_address>
         <run_address>0xe6ec</run_address>
         <size>0x39</size>
         <input_file_ref idref="fl-3b"/>
      </object_component>
      <object_component id="oc-475">
         <name>.debug_info</name>
         <load_address>0xe725</load_address>
         <run_address>0xe725</run_address>
         <size>0x2c</size>
         <input_file_ref idref="fl-3b"/>
      </object_component>
      <object_component id="oc-e3">
         <name>.debug_info</name>
         <load_address>0xe751</load_address>
         <run_address>0xe751</run_address>
         <size>0x563</size>
         <input_file_ref idref="fl-3c"/>
      </object_component>
      <object_component id="oc-7d">
         <name>.debug_info</name>
         <load_address>0xecb4</load_address>
         <run_address>0xecb4</run_address>
         <size>0x226</size>
         <input_file_ref idref="fl-3c"/>
      </object_component>
      <object_component id="oc-158">
         <name>.debug_info</name>
         <load_address>0xeeda</load_address>
         <run_address>0xeeda</run_address>
         <size>0x7c3</size>
         <input_file_ref idref="fl-3d"/>
      </object_component>
      <object_component id="oc-a6">
         <name>.debug_info</name>
         <load_address>0xf69d</load_address>
         <run_address>0xf69d</run_address>
         <size>0x1af</size>
         <input_file_ref idref="fl-3d"/>
      </object_component>
      <object_component id="oc-214">
         <name>.debug_info</name>
         <load_address>0xf84c</load_address>
         <run_address>0xf84c</run_address>
         <size>0x39</size>
         <input_file_ref idref="fl-3d"/>
      </object_component>
      <object_component id="oc-220">
         <name>.debug_info</name>
         <load_address>0xf885</load_address>
         <run_address>0xf885</run_address>
         <size>0x39</size>
         <input_file_ref idref="fl-3d"/>
      </object_component>
      <object_component id="oc-163">
         <name>.debug_info</name>
         <load_address>0xf8be</load_address>
         <run_address>0xf8be</run_address>
         <size>0x39</size>
         <input_file_ref idref="fl-3d"/>
      </object_component>
      <object_component id="oc-219">
         <name>.debug_info</name>
         <load_address>0xf8f7</load_address>
         <run_address>0xf8f7</run_address>
         <size>0xcd</size>
         <input_file_ref idref="fl-3d"/>
      </object_component>
      <object_component id="oc-62">
         <name>.debug_info</name>
         <load_address>0xf9c4</load_address>
         <run_address>0xf9c4</run_address>
         <size>0x148</size>
         <input_file_ref idref="fl-3e"/>
      </object_component>
      <object_component id="oc-14f">
         <name>.debug_info</name>
         <load_address>0xfb0c</load_address>
         <run_address>0xfb0c</run_address>
         <size>0x145</size>
         <input_file_ref idref="fl-3f"/>
      </object_component>
      <object_component id="oc-3c">
         <name>.debug_info</name>
         <load_address>0xfc51</load_address>
         <run_address>0xfc51</run_address>
         <size>0x56c</size>
         <input_file_ref idref="fl-42"/>
      </object_component>
      <object_component id="oc-19">
         <name>.debug_info</name>
         <load_address>0x101bd</load_address>
         <run_address>0x101bd</run_address>
         <size>0x1cc</size>
         <input_file_ref idref="fl-42"/>
      </object_component>
      <object_component id="oc-37">
         <name>.debug_info</name>
         <load_address>0x10389</load_address>
         <run_address>0x10389</run_address>
         <size>0x46</size>
         <input_file_ref idref="fl-42"/>
      </object_component>
      <object_component id="oc-70">
         <name>.debug_info</name>
         <load_address>0x103cf</load_address>
         <run_address>0x103cf</run_address>
         <size>0x2c</size>
         <input_file_ref idref="fl-42"/>
      </object_component>
      <object_component id="oc-83">
         <name>.debug_info</name>
         <load_address>0x103fb</load_address>
         <run_address>0x103fb</run_address>
         <size>0x59d</size>
         <input_file_ref idref="fl-43"/>
      </object_component>
      <object_component id="oc-3e">
         <name>.debug_info</name>
         <load_address>0x10998</load_address>
         <run_address>0x10998</run_address>
         <size>0x254</size>
         <input_file_ref idref="fl-43"/>
      </object_component>
      <object_component id="oc-1f">
         <name>.debug_info</name>
         <load_address>0x10bec</load_address>
         <run_address>0x10bec</run_address>
         <size>0x1b1</size>
         <input_file_ref idref="fl-43"/>
      </object_component>
      <object_component id="oc-44">
         <name>.debug_info</name>
         <load_address>0x10d9d</load_address>
         <run_address>0x10d9d</run_address>
         <size>0x46</size>
         <input_file_ref idref="fl-43"/>
      </object_component>
      <object_component id="oc-eb">
         <name>.debug_info</name>
         <load_address>0x10de3</load_address>
         <run_address>0x10de3</run_address>
         <size>0x39</size>
         <input_file_ref idref="fl-43"/>
      </object_component>
      <object_component id="oc-84">
         <name>.debug_info</name>
         <load_address>0x10e1c</load_address>
         <run_address>0x10e1c</run_address>
         <size>0x2c</size>
         <input_file_ref idref="fl-43"/>
      </object_component>
      <object_component id="oc-3e2">
         <name>.debug_info</name>
         <load_address>0x10e48</load_address>
         <run_address>0x10e48</run_address>
         <size>0x58a</size>
         <input_file_ref idref="fl-44"/>
      </object_component>
      <object_component id="oc-35b">
         <name>.debug_info</name>
         <load_address>0x113d2</load_address>
         <run_address>0x113d2</run_address>
         <size>0x1e6</size>
         <input_file_ref idref="fl-44"/>
      </object_component>
      <object_component id="oc-26b">
         <name>.debug_info</name>
         <load_address>0x115b8</load_address>
         <run_address>0x115b8</run_address>
         <size>0x146</size>
         <input_file_ref idref="fl-45"/>
      </object_component>
      <object_component id="oc-3d2">
         <name>.debug_info</name>
         <load_address>0x116fe</load_address>
         <run_address>0x116fe</run_address>
         <size>0x7f</size>
         <input_file_ref idref="fl-45"/>
      </object_component>
      <object_component id="oc-481">
         <name>.debug_info</name>
         <load_address>0x1177d</load_address>
         <run_address>0x1177d</run_address>
         <size>0x53</size>
         <input_file_ref idref="fl-45"/>
      </object_component>
      <object_component id="oc-449">
         <name>.debug_info</name>
         <load_address>0x117d0</load_address>
         <run_address>0x117d0</run_address>
         <size>0x2c</size>
         <input_file_ref idref="fl-45"/>
      </object_component>
      <object_component id="oc-444">
         <name>.debug_info</name>
         <load_address>0x117fc</load_address>
         <run_address>0x117fc</run_address>
         <size>0x39</size>
         <input_file_ref idref="fl-45"/>
      </object_component>
      <object_component id="oc-3e4">
         <name>.debug_info</name>
         <load_address>0x11835</load_address>
         <run_address>0x11835</run_address>
         <size>0x58a</size>
         <input_file_ref idref="fl-46"/>
      </object_component>
      <object_component id="oc-361">
         <name>.debug_info</name>
         <load_address>0x11dbf</load_address>
         <run_address>0x11dbf</run_address>
         <size>0x1c9</size>
         <input_file_ref idref="fl-46"/>
      </object_component>
      <object_component id="oc-271">
         <name>.debug_info</name>
         <load_address>0x11f88</load_address>
         <run_address>0x11f88</run_address>
         <size>0x140</size>
         <input_file_ref idref="fl-47"/>
      </object_component>
      <object_component id="oc-33b">
         <name>.debug_info</name>
         <load_address>0x120c8</load_address>
         <run_address>0x120c8</run_address>
         <size>0x241</size>
         <input_file_ref idref="fl-48"/>
      </object_component>
      <object_component id="oc-44e">
         <name>.debug_info</name>
         <load_address>0x12309</load_address>
         <run_address>0x12309</run_address>
         <size>0x60</size>
         <input_file_ref idref="fl-48"/>
      </object_component>
      <object_component id="oc-3d7">
         <name>.debug_info</name>
         <load_address>0x12369</load_address>
         <run_address>0x12369</run_address>
         <size>0x46</size>
         <input_file_ref idref="fl-48"/>
      </object_component>
      <object_component id="oc-3cc">
         <name>.debug_info</name>
         <load_address>0x123af</load_address>
         <run_address>0x123af</run_address>
         <size>0x167</size>
         <input_file_ref idref="fl-49"/>
      </object_component>
      <object_component id="oc-47c">
         <name>.debug_info</name>
         <load_address>0x12516</load_address>
         <run_address>0x12516</run_address>
         <size>0x2c</size>
         <input_file_ref idref="fl-49"/>
      </object_component>
[...]
         <name>__TI_cinit_table</name>
         <cprec>
            <name>.fardata</name>
            <load_address>0xc008c90</load_address>
            <load_size>0x6f</load_size>
            <run_address>0xc008540</run_address>
            <run_size>0x324</run_size>
            <compression>rle</compression>
         </cprec>
         <cprec>
            <name>.far</name>
            <load_address>0xc008cff</load_address>
            <load_size>0xb</load_size>
            <run_address>0xc0089f0</run_address>
            <run_size>0x148</run_size>
            <compression>rle</compression>
         </cprec>
      </cptbl>
   </cptbl_list>
   <handler_table>
      <handler_table_name>__TI_handler_table</handler_table_name>
      <handler>
         <index>0x0</index>
         <name>__TI_decompress_rle24</name>
      </handler>
      <handler>
         <index>0x1</index>
         <name>__TI_decompress_none</name>
      </handler>
   </handler_table>
   <symbol_table>
      <symbol id="sm-1">
         <name>__TI_CINIT_Base</name>
         <value>0xc008d18</value>
      </symbol>
      <symbol id="sm-2">
         <name>__TI_CINIT_Limit</name>
         <value>0xc008d28</value>
      </symbol>
      <symbol id="sm-3">
         <name>__TI_Handler_Table_Base</name>
         <value>0xc008d0c</value>
      </symbol>
      <symbol id="sm-4">
         <name>__TI_Handler_Table_Limit</name>
         <value>0xc008d14</value>
      </symbol>
      <symbol id="sm-5">
         <name>binit</name>
         <value>0xffffffff</value>
      </symbol>
      <symbol id="sm-6">
         <name>__binit__</name>
         <value>0xffffffff</value>
      </symbol>
      <symbol id="sm-7">
         <name>__TI_STACK_SIZE</name>
         <value>0x400</value>
      </symbol>
      <symbol id="sm-8">
         <name>__TI_STACK_END</name>
         <value>0xc008140</value>
      </symbol>
      <symbol id="sm-9">
         <name>__TI_SYSMEM_SIZE</name>
         <value>0x400</value>
      </symbol>
      <symbol id="sm-a">
         <name>__c_args__</name>
         <value>0xffffffff</value>
      </symbol>
      <symbol id="sm-b">
         <name>__TI_pprof_out_hndl</name>
         <value>0xffffffff</value>
      </symbol>
      <symbol id="sm-c">
         <name>__TI_prof_data_start</name>
         <value>0xffffffff</value>
      </symbol>
      <symbol id="sm-d">
         <name>__TI_prof_data_size</name>
         <value>0xffffffff</value>
      </symbol>
      <symbol id="sm-78">
         <name>nor_flash_program_bin</name>
         <value>0xc004480</value>
         <object_component_ref idref="oc-90"/>
      </symbol>
      <symbol id="sm-79">
         <name>main</name>
         <value>0xc004618</value>
         <object_component_ref idref="oc-90"/>
      </symbol>
      <symbol id="sm-a9">
         <name>S29GL256P_NOR_Flash_Sector_Erase</name>
         <value>0xc003590</value>
         <object_component_ref idref="oc-122"/>
      </symbol>
      <symbol id="sm-aa">
         <name>S29GL256P_NOR_Flash_Read_Manufacturer_ID</name>
         <value>0xc003420</value>
         <object_component_ref idref="oc-122"/>
      </symbol>
      <symbol id="sm-ab">
         <name>S29GL256P_NOR_Flash_Chip_Erase</name>
         <value>0xc0036cc</value>
         <object_component_ref idref="oc-122"/>
      </symbol>
      <symbol id="sm-ac">
         <name>Hold_On</name>
         <value>0xc007a40</value>
         <object_component_ref idref="oc-1f8"/>
      </symbol>
      <symbol id="sm-ad">
         <name>S29GL256P_NOR_Flash_Read_Device_ID</name>
         <value>0xc003488</value>
         <object_component_ref idref="oc-122"/>
      </symbol>
      <symbol id="sm-ae">
         <name>S29GL256P_NOR_Flash_Reset</name>
         <value>0xc007b80</value>
         <object_component_ref idref="oc-1f0"/>
      </symbol>
      <symbol id="sm-af">
         <name>S29GL256P_NOR_Flash_Write_Word_Programming</name>
         <value>0xc0034ec</value>
         <object_component_ref idref="oc-122"/>
      </symbol>
      <symbol id="sm-d8">
         <name>printf</name>
         <value>0xc006a20</value>
         <object_component_ref idref="oc-f8"/>
      </symbol>
      <symbol id="sm-2eb">
         <name>__TI_printfi</name>
         <value>0xc000000</value>
         <object_component_ref idref="oc-190"/>
      </symbol>
      <symbol id="sm-310">
         <name>__TI_closefile</name>
         <value>0xc005d20</value>
         <object_component_ref idref="oc-1e8"/>
      </symbol>
      <symbol id="sm-311">
         <name>fclose</name>
         <value>0xc007640</value>
         <object_component_ref idref="oc-11c"/>
      </symbol>
      <symbol id="sm-320">
         <name>__TI_doflush</name>
         <value>0xc006d40</value>
         <object_component_ref idref="oc-19d"/>
      </symbol>
      <symbol id="sm-35a">
         <name>__TI_cleanup</name>
         <value>0xc0071a0</value>
         <object_component_ref idref="oc-236"/>
      </symbol>
      <symbol id="sm-35b">
         <name>fopen</name>
         <value>0xc0059a0</value>
         <object_component_ref idref="oc-f2"/>
      </symbol>
      <symbol id="sm-37a">
         <name>putc</name>
         <value>0xc004e00</value>
         <object_component_ref idref="oc-24a"/>
      </symbol>
      <symbol id="sm-37b">
         <name>fputc</name>
         <value>0xc004e00</value>
         <object_component_ref idref="oc-24a"/>
      </symbol>
      <symbol id="sm-3af">
         <name>fputs</name>
         <value>0xc0037c0</value>
         <object_component_ref idref="oc-251"/>
      </symbol>
      <symbol id="sm-3d4">
         <name>fread</name>
         <value>0xc004240</value>
         <object_component_ref idref="oc-116"/>
      </symbol>
      <symbol id="sm-3f1">
         <name>fseek</name>
         <value>0xc006120</value>
         <object_component_ref idref="oc-fe"/>
      </symbol>
      <symbol id="sm-40c">
         <name>ftell</name>
         <value>0xc006220</value>
         <object_component_ref idref="oc-104"/>
      </symbol>
      <symbol id="sm-424">
         <name>__TI_buff_read</name>
         <value>0xc005840</value>
         <object_component_ref idref="oc-1d5"/>
      </symbol>
      <symbol id="sm-444">
         <name>__TI_wrt_ok</name>
         <value>0xc0066a0</value>
         <object_component_ref idref="oc-31a"/>
      </symbol>
      <symbol id="sm-445">
         <name>__TI_rd_ok</name>
         <value>0xc007240</value>
         <object_component_ref idref="oc-1cf"/>
      </symbol>
      <symbol id="sm-461">
         <name>setvbuf</name>
         <value>0xc005340</value>
         <object_component_ref idref="oc-2d7"/>
      </symbol>
      <symbol id="sm-47b">
         <name>wcslen</name>
         <value>0xc007b40</value>
         <object_component_ref idref="oc-294"/>
      </symbol>
      <symbol id="sm-489">
         <name>__c6xabi_push_rts</name>
         <value>0xc007be0</value>
         <object_component_ref idref="oc-198"/>
      </symbol>
      <symbol id="sm-48a">
         <name>__pop_rts</name>
         <value>0xc007bc0</value>
         <object_component_ref idref="oc-1a9"/>
      </symbol>
      <symbol id="sm-48b">
         <name>__c6xabi_pop_rts</name>
         <value>0xc007bc0</value>
         <object_component_ref idref="oc-1a9"/>
      </symbol>
      <symbol id="sm-48c">
         <name>__push_rts</name>
         <value>0xc007be0</value>
         <object_component_ref idref="oc-198"/>
      </symbol>
      <symbol id="sm-495">
         <name>__c6xabi_divu</name>
         <value>0xc006e00</value>
         <object_component_ref idref="oc-1e1"/>
      </symbol>
      <symbol id="sm-496">
         <name>__divu</name>
         <value>0xc006e00</value>
         <object_component_ref idref="oc-1e1"/>
      </symbol>
      <symbol id="sm-49f">
         <name>memcpy</name>
         <value>0xc007420</value>
         <object_component_ref idref="oc-31"/>
      </symbol>
      <symbol id="sm-4b6">
         <name>_c_int00</name>
         <value>0xc0075c0</value>
         <object_component_ref idref="oc-25"/>
      </symbol>
      <symbol id="sm-4b7">
         <name>_stack</name>
         <value>0xc007d40</value>
         <object_component_ref idref="oc-2b"/>
      </symbol>
      <symbol id="sm-4c8">
         <name>__c6xabi_divul</name>
         <value>0xc0048c0</value>
         <object_component_ref idref="oc-32f"/>
      </symbol>
      <symbol id="sm-4e5">
         <name>_subcull</name>
         <value>0xc007860</value>
         <object_component_ref idref="oc-3bb"/>
      </symbol>
      <symbol id="sm-4e6">
         <name>__c6xabi_divull</name>
         <value>0xc004000</value>
         <object_component_ref idref="oc-329"/>
      </symbol>
      <symbol id="sm-505">
         <name>__c6xabi_llshru</name>
         <value>0xc007800</value>
         <object_component_ref idref="oc-3c1"/>
      </symbol>
      <symbol id="sm-506">
         <name>__c6xabi_llshl</name>
         <value>0xc007540</value>
         <object_component_ref idref="oc-3b5"/>
      </symbol>
      <symbol id="sm-516">
         <name>memset</name>
         <value>0xc006940</value>
         <object_component_ref idref="oc-7c"/>
      </symbol>
      <symbol id="sm-53b">
         <name>__TI_auto_init_nobinit_nopinit</name>
         <value>0xc006c80</value>
         <object_component_ref idref="oc-a4"/>
      </symbol>
      <symbol id="sm-544">
         <name>_system_pre_init</name>
         <value>0xc007ca0</value>
         <object_component_ref idref="oc-61"/>
      </symbol>
      <symbol id="sm-54d">
         <name>_system_post_cinit</name>
         <value>0xc007c80</value>
         <object_component_ref idref="oc-14b"/>
      </symbol>
      <symbol id="sm-566">
         <name>__TI_decompress_none</name>
         <value>0xc007ce0</value>
         <object_component_ref idref="oc-18"/>
      </symbol>
      <symbol id="sm-591">
         <name>__TI_decompress_rle24</name>
         <value>0xc007d00</value>
         <object_component_ref idref="oc-1e"/>
      </symbol>
      <symbol id="sm-5a5">
         <name>frexpl</name>
         <value>0xc0056a0</value>
         <object_component_ref idref="oc-35a"/>
      </symbol>
      <symbol id="sm-5a6">
         <name>frexp</name>
         <value>0xc0056a0</value>
         <object_component_ref idref="oc-35a"/>
      </symbol>
      <symbol id="sm-5c3">
         <name>__c6xabi_isinf</name>
         <value>0xc007a80</value>
         <object_component_ref idref="oc-26a"/>
      </symbol>
      <symbol id="sm-5d7">
         <name>scalbn</name>
         <value>0xc004fc0</value>
         <object_component_ref idref="oc-360"/>
      </symbol>
      <symbol id="sm-5d8">
         <name>scalbnl</name>
         <value>0xc004fc0</value>
         <object_component_ref idref="oc-360"/>
      </symbol>
      <symbol id="sm-5d9">
         <name>ldexpl</name>
         <value>0xc004fc0</value>
         <object_component_ref idref="oc-360"/>
      </symbol>
      <symbol id="sm-5da">
         <name>ldexp</name>
         <value>0xc004fc0</value>
         <object_component_ref idref="oc-360"/>
      </symbol>
      <symbol id="sm-5e3">
         <name>_signbit</name>
         <value>0xc007c60</value>
         <object_component_ref idref="oc-270"/>
      </symbol>
      <symbol id="sm-602">
         <name>__c6xabi_divd</name>
         <value>0xc002620</value>
         <object_component_ref idref="oc-339"/>
      </symbol>
      <symbol id="sm-615">
         <name>__TI_frcmpyd_div</name>
         <value>0xc007740</value>
         <object_component_ref idref="oc-3cb"/>
      </symbol>
      <symbol id="sm-636">
         <name>C$$EXIT</name>
         <value>0xc007cc0</value>
         <object_component_ref idref="oc-9b"/>
      </symbol>
      <symbol id="sm-637">
         <name>abort</name>
         <value>0xc007cc0</value>
         <object_component_ref idref="oc-9b"/>
      </symbol>
      <symbol id="sm-638">
         <name>exit</name>
         <value>0xc006860</value>
         <object_component_ref idref="oc-5b"/>
      </symbol>
      <symbol id="sm-639">
         <name>__TI_dtors_ptr</name>
         <value>0xc00883c</value>
         <object_component_ref idref="oc-98"/>
      </symbol>
      <symbol id="sm-63a">
         <name>__TI_cleanup_ptr</name>
         <value>0xc008838</value>
         <object_component_ref idref="oc-98"/>
      </symbol>
      <symbol id="sm-63b">
         <name>__TI_enable_exit_profile_output</name>
         <value>0xc008840</value>
         <object_component_ref idref="oc-98"/>
      </symbol>
      <symbol id="sm-6a1">
         <name>_sys_memory</name>
         <value>0xc008140</value>
         <object_component_ref idref="oc-2e"/>
      </symbol>
      <symbol id="sm-6a2">
         <name>free</name>
         <value>0xc003060</value>
         <object_component_ref idref="oc-128"/>
      </symbol>
      <symbol id="sm-6a3">
         <name>malloc</name>
         <value>0xc005180</value>
         <object_component_ref idref="oc-110"/>
      </symbol>
      <symbol id="sm-6b9">
         <name>_nop</name>
         <value>0xc007c00</value>
         <object_component_ref idref="oc-225"/>
      </symbol>
      <symbol id="sm-6ba">
         <name>_lock</name>
         <value>0xc00884c</value>
         <object_component_ref idref="oc-16f"/>
      </symbol>
      <symbol id="sm-6bb">
         <name>_unlock</name>
         <value>0xc008850</value>
         <object_component_ref idref="oc-179"/>
      </symbol>
      <symbol id="sm-6cb">
         <name>__TI_ltoa</name>
         <value>0xc0065c0</value>
         <object_component_ref idref="oc-33f"/>
      </symbol>
      <symbol id="sm-6dd">
         <name>_args_main</name>
         <value>0xc007b00</value>
         <object_component_ref idref="oc-55"/>
      </symbol>
      <symbol id="sm-6f1">
         <name>atoi</name>
         <value>0xc006020</value>
         <object_component_ref idref="oc-258"/>
      </symbol>
      <symbol id="sm-708">
         <name>close</name>
         <value>0xc006780</value>
         <object_component_ref idref="oc-2e6"/>
      </symbol>
      <symbol id="sm-712">
         <name>_ctypes_</name>
         <value>0xc008868</value>
         <object_component_ref idref="oc-324"/>
      </symbol>
      <symbol id="sm-722">
         <name>__TI_tmpnams</name>
         <value>0xc0089f0</value>
      </symbol>
      <symbol id="sm-723">
         <name>_ftable</name>
         <value>0xc008540</value>
         <object_component_ref idref="oc-173"/>
      </symbol>
      <symbol id="sm-724">
         <name>__TI_ft_end</name>
         <value>0xc008854</value>
         <object_component_ref idref="oc-176"/>
      </symbol>
      <symbol id="sm-733">
         <name>lseek</name>
         <value>0xc0078c0</value>
         <object_component_ref idref="oc-1a3"/>
      </symbol>
      <symbol id="sm-744">
         <name>memccpy</name>
         <value>0xc007920</value>
         <object_component_ref idref="oc-28e"/>
      </symbol>
      <symbol id="sm-766">
         <name>open</name>
         <value>0xc0046a0</value>
         <object_component_ref idref="oc-23c"/>
      </symbol>
      <symbol id="sm-775">
         <name>read</name>
         <value>0xc007980</value>
         <object_component_ref idref="oc-1db"/>
      </symbol>
      <symbol id="sm-783">
         <name>rewind</name>
         <value>0xc007d20</value>
         <object_component_ref idref="oc-10a"/>
      </symbol>
      <symbol id="sm-798">
         <name>unlink</name>
         <value>0xc0076c0</value>
         <object_component_ref idref="oc-2ec"/>
      </symbol>
      <symbol id="sm-7b1">
         <name>_stream</name>
         <value>0xc008720</value>
         <object_component_ref idref="oc-2bd"/>
      </symbol>
      <symbol id="sm-7b2">
         <name>_device</name>
         <value>0xc0087c0</value>
         <object_component_ref idref="oc-380"/>
      </symbol>
      <symbol id="sm-7b3">
         <name>write</name>
         <value>0xc0079e0</value>
         <object_component_ref idref="oc-2b5"/>
      </symbol>
      <symbol id="sm-7cc">
         <name>__TI_tls_init</name>
         <value>0xc007040</value>
         <object_component_ref idref="oc-151"/>
      </symbol>
      <symbol id="sm-7dd">
         <name>__errno</name>
         <value>0xc008858</value>
         <object_component_ref idref="oc-2ca"/>
      </symbol>
      <symbol id="sm-7de">
         <name>errno</name>
         <value>0xc008858</value>
         <object_component_ref idref="oc-2ca"/>
      </symbol>
      <symbol id="sm-7df">
         <name>__c6xabi_errno_addr</name>
         <value>0xc007ba0</value>
         <object_component_ref idref="oc-1b0"/>
      </symbol>
      <symbol id="sm-805">
         <name>finddevice</name>
         <value>0xc007380</value>
         <object_component_ref idref="oc-3a1"/>
      </symbol>
      <symbol id="sm-806">
         <name>getdevice</name>
         <value>0xc005c00</value>
         <object_component_ref idref="oc-312"/>
      </symbol>
      <symbol id="sm-817">
         <name>HOSTclose</name>
         <value>0xc007100</value>
         <object_component_ref idref="oc-3fb"/>
      </symbol>
      <symbol id="sm-827">
         <name>HOSTlseek</name>
         <value>0xc006320</value>
         <object_component_ref idref="oc-40d"/>
      </symbol>
      <symbol id="sm-83b">
         <name>parmbuf</name>
         <value>0xc008b30</value>
      </symbol>
      <symbol id="sm-83c">
         <name>HOSTopen</name>
         <value>0xc006400</value>
         <object_component_ref idref="oc-3f5"/>
      </symbol>
      <symbol id="sm-84c">
         <name>HOSTread</name>
         <value>0xc006b00</value>
         <object_component_ref idref="oc-401"/>
      </symbol>
      <symbol id="sm-86a">
         <name>HOSTrename</name>
         <value>0xc005500</value>
         <object_component_ref idref="oc-419"/>
      </symbol>
      <symbol id="sm-87d">
         <name>HOSTunlink</name>
         <value>0xc006bc0</value>
         <object_component_ref idref="oc-413"/>
      </symbol>
      <symbol id="sm-88d">
         <name>HOSTwrite</name>
         <value>0xc0064e0</value>
         <object_component_ref idref="oc-407"/>
      </symbol>
      <symbol id="sm-8b3">
         <name>__TI_readmsg</name>
         <value>0xc0074c0</value>
         <object_component_ref idref="oc-462"/>
      </symbol>
      <symbol id="sm-8b4">
         <name>C$$IO$$</name>
         <value>0xc0077f8</value>
         <object_component_ref idref="oc-45c"/>
      </symbol>
      <symbol id="sm-8b5">
         <name>__CIOBUF_</name>
         <value>0xc008b38</value>
         <object_component_ref idref="oc-488"/>
      </symbol>
      <symbol id="sm-8b6">
         <name>__TI_writemsg</name>
         <value>0xc0077a0</value>
         <object_component_ref idref="oc-45c"/>
      </symbol>
      <symbol id="sm-8b7">
         <name>__TI_STATIC_BASE</name>
         <value>0x0</value>
      </symbol>
      <symbol id="sm-8b9">
         <name>__TI_TLS_INIT_Base</name>
         <value>0x0</value>
      </symbol>
      <symbol id="sm-8ba">
         <name>__TI_TLS_INIT_Limit</name>
         <value>0x0</value>
      </symbol>
      <symbol id="sm-8bb">
         <name>remove</name>
         <value>0xc0076c0</value>
      </symbol>
   </symbol_table>
   <title>Link successful</title>
</link_info>
